******************************************************************************
            TI ARM Clang Linker PC v4.0.2                      
******************************************************************************
>> Linked Sun Jun 29 14:17:59 2025

OUTPUT FILE NAME:   <ECE319K_Lab3.out>
ENTRY POINT SYMBOL: "_c_int00_noargs"  address: 0000075d


MEMORY CONFIGURATION

         name            origin    length      used     unused   attr    fill
----------------------  --------  ---------  --------  --------  ----  --------
  FLASH                 00000000   00020000  000009b0  0001f650  R  X
  SRAM                  20200000   00008000  0000059c  00007a64  RW X
  BCR_CONFIG            41c00000   00000080  00000000  00000080  R   
  BSL_CONFIG            41c00100   00000080  00000000  00000080  R   


SEGMENT ALLOCATION MAP

run origin  load origin   length   init length attrs members
----------  ----------- ---------- ----------- ----- -------
00000000    00000000    000009b0   000009b0    r-x
  00000000    00000000    000000c0   000000c0    r-- .intvecs
  000000c0    000000c0    000007c0   000007c0    r-x .text
  00000880    00000880    00000100   00000100    r-- .rodata
  00000980    00000980    00000030   00000030    r-- .cinit
20200000    20200000    0000039c   00000000    rw-
  20200000    20200000    00000200   00000000    rw- .sysmem
  20200200    20200200    00000198   00000000    rw- .bss
  20200398    20200398    00000004   00000000    rw- .data
20207e00    20207e00    00000200   00000000    rw-
  20207e00    20207e00    00000200   00000000    rw- .stack


SECTION ALLOCATION MAP

 output                                  attributes/
section   page    origin      length       input sections
--------  ----  ----------  ----------   ----------------
.intvecs   0    00000000    000000c0     
                  00000000    000000c0     startup_mspm0g3507_ticlang.o (.intvecs)

.text      0    000000c0    000007c0     
                  000000c0    000001b4     Clock.o (.text.Clock_Init80MHz)
                  00000274    00000140     ECE319K_Lab3main.o (.text.main)
                  000003b4    000000e8     UARTbusywait.o (.text.UART_Init)
                  0000049c    0000007c     LaunchPad.o (.text.LaunchPad_Init)
                  00000518    0000007c     libc.a : copy_decompress_lzss.c.obj (.text:decompress:lzss)
                  00000594    00000060     Timer.o (.text.TimerG12_Init)
                  000005f4    00000050     Dump.o (.text.Debug_Dump)
                  00000644    00000040     libclang_rt.builtins.a : aeabi_uidivmod.S.obj (.text.__aeabi_uidivmod)
                  00000684    0000003c     libc.a : autoinit.c.obj (.text:__TI_auto_init_nobinit_nopinit)
                  000006c0    00000038     LaunchPad.o (.text.ActivatePortA_B)
                  000006f8    00000036     UART.o (.text.UART_OutUDec)
                  0000072e    00000002     libclang_rt.builtins.a : aeabi_div0.c.obj (.text.__aeabi_idiv0)
                  00000730    0000002c     UARTbusywait.o (.text.UART_OutChar)
                  0000075c    00000028     libc.a : boot_cortex_m.c.obj (.text:_c_int00_noargs)
                  00000784    00000026     UART.o (.text.UART_OutString)
                  000007aa    00000002     --HOLE-- [fill = 0]
                  000007ac    0000001c     startup_mspm0g3507_ticlang.o (.text.Default_Handler)
                  000007c8    0000001c     startup_mspm0g3507_ticlang.o (.text.HardFault_Handler)
                  000007e4    00000016     libc.a : copy_zero_init.c.obj (.text:decompress:ZI:__TI_zero_init_nomemset)
                  000007fa    00000002     --HOLE-- [fill = 0]
                  000007fc    00000014     Dump.o (.text.Debug_Init)
                  00000810    00000012     libc.a : memcpy16.S.obj (.text:TI_memcpy_small)
                  00000822    00000012            : copy_decompress_none.c.obj (.text:decompress:none)
                  00000834    00000010     Clock.o (.text.Clock_Delay)
                  00000844    00000010     LaunchPad.o (.text.Delay)
                  00000854    0000000c     Clock.o (.text.Clock_Freq)
                  00000860    00000008     libclang_rt.builtins.a : aeabi_memcpy.S.obj (.text.__aeabi_memcpy)
                  00000868    00000006     libc.a : exit.c.obj (.text:abort)
                  0000086e    00000004     libsysbm.a : hostexit.c.obj (.text.HOSTexit)
                  00000872    00000004     startup_mspm0g3507_ticlang.o (.text.Reset_Handler)
                  00000876    00000004     libc.a : pre_init.c.obj (.text._system_pre_init)
                  0000087a    00000006     --HOLE-- [fill = 0]

.cinit     0    00000980    00000030     
                  00000980    0000000c     (__TI_handler_table)
                  0000098c    00000008     (.cinit..bss.load) [load image, compression = zero_init]
                  00000994    00000008     (.cinit..data.load) [load image, compression = lzss]
                  0000099c    00000010     (__TI_cinit_table)
                  000009ac    00000004     --HOLE-- [fill = 0]

.rodata    0    00000880    00000100     
                  00000880    00000026     ECE319K_Lab3main.o (.rodata.str1.14529718102180371068.1)
                  000008a6    00000025     ECE319K_Lab3main.o (.rodata.str1.3216255091106267865.1)
                  000008cb    0000001e     ECE319K_Lab3main.o (.rodata.str1.10404460411107471247.1)
                  000008e9    00000010     ECE319K_Lab3main.o (.rodata.str1.13245771948717318441.1)
                  000008f9    00000010     ECE319K_Lab3main.o (.rodata.str1.18242540119808684552.1)
                  00000909    00000010     ECE319K_Lab3main.o (.rodata.str1.1825388749328603810.1)
                  00000919    00000010     ECE319K_Lab3main.o (.rodata.str1.18259960154017377047.1)
                  00000929    00000010     ECE319K_Lab3main.o (.rodata.str1.356003202166256169.1)
                  00000939    00000010     ECE319K_Lab3main.o (.rodata.str1.3774867502587279055.1)
                  00000949    00000010     ECE319K_Lab3main.o (.rodata.str1.6579410960013582215.1)
                  00000959    00000010     ECE319K_Lab3main.o (.rodata.str1.7042511725642539895.1)
                  00000969    00000007     ECE319K_Lab3main.o (.rodata.Lab3EID)
                  00000970    00000007     ECE319K_Lab3main.o (.rodata.str1.12156800849727914245.1)
                  00000977    00000006     ECE319K_Lab3main.o (.rodata.str1.14514815124413768767.1)
                  0000097d    00000003     ECE319K_Lab3main.o (.rodata.str1.982687362634417065.1)

.init_array 
*          0    00000000    00000000     UNINITIALIZED

.binit     0    00000000    00000000     

.sysmem    0    20200000    00000200     UNINITIALIZED
                  20200000    00000010     libc.a : memory.c.obj (.sysmem)
                  20200010    000001f0     --HOLE--

.bss       0    20200200    00000198     UNINITIALIZED
                  20200200    000000c8     (.common:DataBuffer)
                  202002c8    000000c8     (.common:TimeBuffer)
                  20200390    00000004     (.common:DebugCnt)
                  20200394    00000004     (.common:Time)

.data      0    20200398    00000004     UNINITIALIZED
                  20200398    00000004     Clock.o (.data.BusFreq)

.stack     0    20207e00    00000200     UNINITIALIZED
                  20207e00    00000004     libc.a : boot_cortex_m.c.obj (.stack)
                  20207e04    000001fc     --HOLE--

__llvm_prf_cnts 
*          0    20200000    00000000     UNINITIALIZED

__llvm_prf_bits 
*          0    20200000    00000000     UNINITIALIZED

MODULE SUMMARY

       Module                         code   ro data   rw data
       ------                         ----   -------   -------
    .\
       ECE319K_Lab3main.o             320    256       4      
       Dump.o                         100    0         404    
       Clock.o                        464    0         4      
       UARTbusywait.o                 276    0         0      
       LaunchPad.o                    196    0         0      
       Timer.o                        96     0         0      
       UART.o                         92     0         0      
    +--+------------------------------+------+---------+---------+
       Total:                         1544   256       412    
                                                              
    .\ticlang\
       startup_mspm0g3507_ticlang.o   60     192       0      
    +--+------------------------------+------+---------+---------+
       Total:                         60     192       0      
                                                              
    C:\ti\ccs2011\ccs\tools\compiler\ti-cgt-armllvm_4.0.2.LTS\lib\armv6m-ti-none-eabi/c/libc.a
       copy_decompress_lzss.c.obj     124    0         0      
       autoinit.c.obj                 60     0         0      
       boot_cortex_m.c.obj            40     0         0      
       copy_zero_init.c.obj           22     0         0      
       copy_decompress_none.c.obj     18     0         0      
       memcpy16.S.obj                 18     0         0      
       exit.c.obj                     6      0         0      
       pre_init.c.obj                 4      0         0      
    +--+------------------------------+------+---------+---------+
       Total:                         292    0         0      
                                                              
    C:\ti\ccs2011\ccs\tools\compiler\ti-cgt-armllvm_4.0.2.LTS\lib\armv6m-ti-none-eabi/c/libsysbm.a
       hostexit.c.obj                 4      0         0      
    +--+------------------------------+------+---------+---------+
       Total:                         4      0         0      
                                                              
    C:\ti\ccs2011\ccs\tools\compiler\ti-cgt-armllvm_4.0.2.LTS\lib\armv6m-ti-none-eabi/libclang_rt.builtins.a
       aeabi_uidivmod.S.obj           64     0         0      
       aeabi_memcpy.S.obj             8      0         0      
       aeabi_div0.c.obj               2      0         0      
    +--+------------------------------+------+---------+---------+
       Total:                         74     0         0      
                                                              
       Heap:                          0      0         512    
       Stack:                         0      0         512    
       Linker Generated:              0      44        0      
    +--+------------------------------+------+---------+---------+
       Grand Total:                   1974   492       1436   


LINKER GENERATED COPY TABLES

__TI_cinit_table @ 0000099c records: 2, size/record: 8, table size: 16
	.bss: load addr=0000098c, load size=00000008 bytes, run addr=20200200, run size=00000198 bytes, compression=zero_init
	.data: load addr=00000994, load size=00000008 bytes, run addr=20200398, run size=00000004 bytes, compression=lzss


LINKER GENERATED HANDLER TABLE

__TI_handler_table @ 00000980 records: 3, size/record: 4, table size: 12
	index: 0, handler: __TI_decompress_lzss
	index: 1, handler: __TI_decompress_none
	index: 2, handler: __TI_zero_init


GLOBAL SYMBOLS: SORTED ALPHABETICALLY BY Name 

address   name                          
-------   ----                          
000007ad  ADC0_IRQHandler               
000007ad  ADC1_IRQHandler               
000007ad  AES_IRQHandler                
000006c1  ActivatePortA_B               
20200398  BusFreq                       
0000086e  C$$EXIT                       
000007ad  CANFD0_IRQHandler             
00000835  Clock_Delay                   
00000855  Clock_Freq                    
000000c1  Clock_Init80MHz               
000007ad  DAC0_IRQHandler               
000007ad  DMA_IRQHandler                
20200200  DataBuffer                    
20200390  DebugCnt                      
000005f5  Debug_Dump                    
000007fd  Debug_Init                    
000007ad  Default_Handler               
00000845  Delay                         
000007ad  GROUP0_IRQHandler             
000007ad  GROUP1_IRQHandler             
0000086f  HOSTexit                      
000007c9  HardFault_Handler             
000007ad  I2C0_IRQHandler               
000007ad  I2C1_IRQHandler               
00000969  Lab3EID                       
0000049d  LaunchPad_Init                
000007ad  NMI_Handler                   
000007ad  PendSV_Handler                
000007ad  RTC_IRQHandler                
00000873  Reset_Handler                 
000007ad  SPI0_IRQHandler               
000007ad  SPI1_IRQHandler               
000007ad  SVC_Handler                   
000007ad  SysTick_Handler               
000007ad  TIMA0_IRQHandler              
000007ad  TIMA1_IRQHandler              
000007ad  TIMG0_IRQHandler              
000007ad  TIMG12_IRQHandler             
000007ad  TIMG6_IRQHandler              
000007ad  TIMG7_IRQHandler              
000007ad  TIMG8_IRQHandler              
00000811  TI_memcpy_small               
20200394  Time                          
202002c8  TimeBuffer                    
00000595  TimerG12_Init                 
000007ad  UART0_IRQHandler              
000007ad  UART1_IRQHandler              
000007ad  UART2_IRQHandler              
000007ad  UART3_IRQHandler              
000003b5  UART_Init                     
00000731  UART_OutChar                  
00000785  UART_OutString                
000006f9  UART_OutUDec                  
20208000  __STACK_END                   
00000200  __STACK_SIZE                  
00000200  __SYSMEM_SIZE                 
00000000  __TI_ATRegion0_region_sz      
00000000  __TI_ATRegion0_src_addr       
00000000  __TI_ATRegion0_trg_addr       
00000000  __TI_ATRegion1_region_sz      
00000000  __TI_ATRegion1_src_addr       
00000000  __TI_ATRegion1_trg_addr       
00000000  __TI_ATRegion2_region_sz      
00000000  __TI_ATRegion2_src_addr       
00000000  __TI_ATRegion2_trg_addr       
0000099c  __TI_CINIT_Base               
000009ac  __TI_CINIT_Limit              
000009ac  __TI_CINIT_Warm               
00000980  __TI_Handler_Table_Base       
0000098c  __TI_Handler_Table_Limit      
00000685  __TI_auto_init_nobinit_nopinit
00000519  __TI_decompress_lzss          
00000823  __TI_decompress_none          
ffffffff  __TI_pprof_out_hndl           
ffffffff  __TI_prof_data_size           
ffffffff  __TI_prof_data_start          
00000000  __TI_static_base__            
000007e5  __TI_zero_init_nomemset       
0000072f  __aeabi_idiv0                 
00000861  __aeabi_memcpy                
00000861  __aeabi_memcpy4               
00000861  __aeabi_memcpy8               
00000645  __aeabi_uidiv                 
00000645  __aeabi_uidivmod              
ffffffff  __binit__                     
UNDEFED   __mpu_init                    
20207e00  __stack                       
20200000  __start___llvm_prf_bits       
20200000  __start___llvm_prf_cnts       
20200000  __stop___llvm_prf_bits        
20200000  __stop___llvm_prf_cnts        
0000075d  _c_int00_noargs               
20200000  _sys_memory                   
UNDEFED   _system_post_cinit            
00000877  _system_pre_init              
00000869  abort                         
ffffffff  binit                         
00000000  interruptVectors              
00000275  main                          


GLOBAL SYMBOLS: SORTED BY Symbol Address 

address   name                          
-------   ----                          
00000000  __TI_ATRegion0_region_sz      
00000000  __TI_ATRegion0_src_addr       
00000000  __TI_ATRegion0_trg_addr       
00000000  __TI_ATRegion1_region_sz      
00000000  __TI_ATRegion1_src_addr       
00000000  __TI_ATRegion1_trg_addr       
00000000  __TI_ATRegion2_region_sz      
00000000  __TI_ATRegion2_src_addr       
00000000  __TI_ATRegion2_trg_addr       
00000000  __TI_static_base__            
00000000  interruptVectors              
000000c1  Clock_Init80MHz               
00000200  __STACK_SIZE                  
00000200  __SYSMEM_SIZE                 
00000275  main                          
000003b5  UART_Init                     
0000049d  LaunchPad_Init                
00000519  __TI_decompress_lzss          
00000595  TimerG12_Init                 
000005f5  Debug_Dump                    
00000645  __aeabi_uidiv                 
00000645  __aeabi_uidivmod              
00000685  __TI_auto_init_nobinit_nopinit
000006c1  ActivatePortA_B               
000006f9  UART_OutUDec                  
0000072f  __aeabi_idiv0                 
00000731  UART_OutChar                  
0000075d  _c_int00_noargs               
00000785  UART_OutString                
000007ad  ADC0_IRQHandler               
000007ad  ADC1_IRQHandler               
000007ad  AES_IRQHandler                
000007ad  CANFD0_IRQHandler             
000007ad  DAC0_IRQHandler               
000007ad  DMA_IRQHandler                
000007ad  Default_Handler               
000007ad  GROUP0_IRQHandler             
000007ad  GROUP1_IRQHandler             
000007ad  I2C0_IRQHandler               
000007ad  I2C1_IRQHandler               
000007ad  NMI_Handler                   
000007ad  PendSV_Handler                
000007ad  RTC_IRQHandler                
000007ad  SPI0_IRQHandler               
000007ad  SPI1_IRQHandler               
000007ad  SVC_Handler                   
000007ad  SysTick_Handler               
000007ad  TIMA0_IRQHandler              
000007ad  TIMA1_IRQHandler              
000007ad  TIMG0_IRQHandler              
000007ad  TIMG12_IRQHandler             
000007ad  TIMG6_IRQHandler              
000007ad  TIMG7_IRQHandler              
000007ad  TIMG8_IRQHandler              
000007ad  UART0_IRQHandler              
000007ad  UART1_IRQHandler              
000007ad  UART2_IRQHandler              
000007ad  UART3_IRQHandler              
000007c9  HardFault_Handler             
000007e5  __TI_zero_init_nomemset       
000007fd  Debug_Init                    
00000811  TI_memcpy_small               
00000823  __TI_decompress_none          
00000835  Clock_Delay                   
00000845  Delay                         
00000855  Clock_Freq                    
00000861  __aeabi_memcpy                
00000861  __aeabi_memcpy4               
00000861  __aeabi_memcpy8               
00000869  abort                         
0000086e  C$$EXIT                       
0000086f  HOSTexit                      
00000873  Reset_Handler                 
00000877  _system_pre_init              
00000969  Lab3EID                       
00000980  __TI_Handler_Table_Base       
0000098c  __TI_Handler_Table_Limit      
0000099c  __TI_CINIT_Base               
000009ac  __TI_CINIT_Limit              
000009ac  __TI_CINIT_Warm               
20200000  __start___llvm_prf_bits       
20200000  __start___llvm_prf_cnts       
20200000  __stop___llvm_prf_bits        
20200000  __stop___llvm_prf_cnts        
20200000  _sys_memory                   
20200200  DataBuffer                    
202002c8  TimeBuffer                    
20200390  DebugCnt                      
20200394  Time                          
20200398  BusFreq                       
20207e00  __stack                       
20208000  __STACK_END                   
ffffffff  __TI_pprof_out_hndl           
ffffffff  __TI_prof_data_size           
ffffffff  __TI_prof_data_start          
ffffffff  __binit__                     
ffffffff  binit                         
UNDEFED   __mpu_init                    
UNDEFED   _system_post_cinit            

[99 symbols]
