******************************************************************************
            TI ARM Clang Linker PC v4.0.2                      
******************************************************************************
>> Linked Tue Jun 24 14:37:04 2025

OUTPUT FILE NAME:   <ECE319K_Lab8H.out>
ENTRY POINT SYMBOL: "_c_int00_noargs"  address: 00001bd9


MEMORY CONFIGURATION

         name            origin    length      used     unused   attr    fill
----------------------  --------  ---------  --------  --------  ----  --------
  FLASH                 00000000   00020000  00002480  0001db80  R  X
  SRAM                  20200000   00008000  00000824  000077dc  RW X
  BCR_CONFIG            41c00000   00000080  00000000  00000080  R   
  BSL_CONFIG            41c00100   00000080  00000000  00000080  R   


SEGMENT ALLOCATION MAP

run origin  load origin   length   init length attrs members
----------  ----------- ---------- ----------- ----- -------
00000000    00000000    00002480   00002480    r-x
  00000000    00000000    000000c0   000000c0    r-- .intvecs
  000000c0    000000c0    00001d70   00001d70    r-x .text
  00001e30    00001e30    000005b0   000005b0    r-- .rodata
  000023e0    000023e0    00000008   00000008    r-- .init_array
  000023e8    000023e8    00000098   00000098    r-- .cinit
20200000    20200000    00000627   00000000    rw-
  20200000    20200000    0000024d   00000000    rw- .data
  20200250    20200250    00000200   00000000    rw- .sysmem
  20200450    20200450    000001d7   00000000    rw- .bss
20207e00    20207e00    00000200   00000000    rw-
  20207e00    20207e00    00000200   00000000    rw- .stack


SECTION ALLOCATION MAP

 output                                  attributes/
section   page    origin      length       input sections
--------  ----  ----------  ----------   ----------------
.intvecs   0    00000000    000000c0     
                  00000000    000000c0     startup_mspm0g3507_ticlang.o (.intvecs)

.binit     0    00000000    00000000     

.text      0    000000c0    00001d70     
                  000000c0    000001b4     Clock.o (.text._Z15Clock_Init80MHzi)
                  00000274    000001a0     ST7735.o (.text._Z16ST7735_DrawCharSsscssh)
                  00000414    00000154     libc.a : fopen.c.obj (.text._openfile)
                  00000568    00000118     ST7735.o (.text._Z15ST7735_FillRectsssst)
                  00000680    00000114     libc.a : memory.c.obj (.text.aligned_alloc)
                  00000794    000000f8     SPI.o (.text._Z8SPI_Initv)
                  0000088c    000000f0     Lab8HMain.o (.text.main)
                  0000097c    000000ec     libsysbm.a : add_device.c.obj (.text.add_device)
                  00000a68    000000e8     libc.a : memory.c.obj (.text.free)
                  00000b50    000000e0            : setvbuf.c.obj (.text.setvbuf)
                  00000c30    000000d0     ST7735.o (.text._Z14ST7735_OutCharc)
                  00000d00    000000a2     ST7735.o (.text._ZL11commandListPKh)
                  00000da2    00000002     libclang_rt.builtins.a : aeabi_div0.c.obj (.text.__aeabi_idiv0)
                  00000da4    000000a0     libsysbm.a : open.c.obj (.text.open)
                  00000e44    0000009c     ST7735.o (.text._Z17ST7735_InitPrintfv)
                  00000ee0    00000098     ST7735.o (.text._Z12ST7735_InitR10initRFlags)
                  00000f78    00000088     ST7735.o (.text._ZL13setAddrWindowhhhh)
                  00001000    00000088     libc.a : strcmp-armv6m.S.obj (.text:strcmp)
                  00001088    00000084     ST7735.o (.text._Z17ST7735_DrawStringttPcs)
                  0000110c    0000007c     LaunchPad.o (.text._Z14LaunchPad_Initv)
                  00001188    0000007c     libc.a : fclose.c.obj (.text.__TI_closefile)
                  00001204    0000007c            : copy_decompress_lzss.c.obj (.text:decompress:lzss)
                  00001280    00000070     ST7735.o (.text._Z16ST7735_DrawPixelsst)
                  000012f0    0000006c     libsysbm.a : hostlseek.c.obj (.text.HOSTlseek)
                  0000135c    0000006c                : hostrename.c.obj (.text.HOSTrename)
                  000013c8    0000006c     libc.a : getdevice.c.obj (.text.getdevice)
                  00001434    00000064            : memory.c.obj (.text.split)
                  00001498    00000060     libsysbm.a : hostopen.c.obj (.text.HOSTopen)
                  000014f8    00000058                : hostread.c.obj (.text.HOSTread)
                  00001550    00000058                : hostwrite.c.obj (.text.HOSTwrite)
                  000015a8    00000054     libc.a : autoinit.c.obj (.text:__TI_auto_init_nobinit)
                  000015fc    00000052            : fflush.c.obj (.text.__TI_doflush)
                  0000164e    00000002            : _lock.c.obj (.text._nop)
                  00001650    00000050     libsysbm.a : close.c.obj (.text.close)
                  000016a0    00000048                : hostclose.c.obj (.text.HOSTclose)
                  000016e8    00000048                : hostunlink.c.obj (.text.HOSTunlink)
                  00001730    00000048     SPI.o (.text._Z14SPI_OutCommandc)
                  00001778    00000040     SPI.o (.text._Z9SPI_Resetv)
                  000017b8    00000040     libclang_rt.builtins.a : aeabi_uidivmod.S.obj (.text.__aeabi_uidivmod)
                  000017f8    00000040     libc.a : fopen.c.obj (.text._search_fp)
                  00001838    00000038     SPI.o (.text._Z11SPI_OutDatac)
                  00001870    00000038     LaunchPad.o (.text._Z15ActivatePortA_Bv)
                  000018a8    00000034     ST7735.o (.text._Z12ST7735_writeiPKcj)
                  000018dc    00000034     Clock.o (.text._Z14Clock_Delay1msj)
                  00001910    00000034     ST7735.o (.text._Z16ST7735_SetCursorjj)
                  00001944    00000034     libc.a : fopen.c.obj (.text.__TI_cleanup)
                  00001978    00000034     libsysbm.a : trgmsg.c.obj (.text.__TI_readmsg)
                  000019ac    00000034                : trgmsg.c.obj (.text.__TI_writemsg)
                  000019e0    00000034     libc.a : exit.c.obj (.text.exit)
                  00001a14    00000034            : getdevice.c.obj (.text.finddevice)
                  00001a48    00000034            : fopen.c.obj (.text.freopen)
                  00001a7c    00000030     ST7735.o (.text._ZL10commonInitPKh)
                  00001aac    00000030     libc.a : fopen.c.obj (.text.fopen)
                  00001adc    0000002c     UART2.o (.text.UART2_IRQHandler)
                  00001b08    0000002c     ST7735.o (.text._Z17ST7735_FillScreent)
                  00001b34    0000002c     libsysbm.a : unlink.c.obj (.text.unlink)
                  00001b60    00000028     Lab8HMain.o (.text.TIMG12_IRQHandler)
                  00001b88    00000028     libc.a : memory.c.obj (.text.free_list_insert)
                  00001bb0    00000028     libsysbm.a : write.c.obj (.text.write)
                  00001bd8    00000028     libc.a : boot_cortex_m.c.obj (.text:_c_int00_noargs)
                  00001c00    0000001e     ST7735.o (.text._ZL9pushColort)
                  00001c1e    00000002     --HOLE-- [fill = 0]
                  00001c20    0000001c     startup_mspm0g3507_ticlang.o (.text.Default_Handler)
                  00001c3c    0000001c     startup_mspm0g3507_ticlang.o (.text.HardFault_Handler)
                  00001c58    0000001c     libc.a : memory.c.obj (.text.free_list_remove)
                  00001c74    00000018     Lab8HMain.o (.text.__cxx_global_var_init)
                  00001c8c    00000016     ST7735.o (.text._Z11ST7735_openPKcji)
                  00001ca2    00000016     ST7735.o (.text._Z11ST7735_readiPcj)
                  00001cb8    00000016     libc.a : copy_zero_init.c.obj (.text:decompress:ZI:__TI_zero_init_nomemset)
                  00001cce    00000012            : memcpy16.S.obj (.text:TI_memcpy_small)
                  00001ce0    00000012            : copy_decompress_none.c.obj (.text:decompress:none)
                  00001cf2    00000010     Clock.o (.text._Z11Clock_Delayj)
                  00001d02    00000002     --HOLE-- [fill = 0]
                  00001d04    00000010     Lab8HMain.o (.text.__cxx_global_var_init.1)
                  00001d14    00000010     UART2.o (.text.__cxx_global_var_init)
                  00001d24    0000000e     libc.a : memory.c.obj (.text.OUTLINED_FUNCTION_0)
                  00001d32    0000000e     ST7735.o (.text._Z12ST7735_lseekili)
                  00001d40    0000000e     FIFO2.o (.text._ZN5Queue3PutEc)
                  00001d4e    0000000e     SlidePot.o (.text._ZN8SlidePotC2Ejj)
                  00001d5c    0000000e     libsysbm.a : hostrename.c.obj (.text.strcpy)
                  00001d6a    0000000e                : hostrename.c.obj (.text.strlen)
                  00001d78    0000000e     libc.a : memset16.S.obj (.text:TI_memset_small)
                  00001d86    0000000c     Lab8HMain.o (.text._GLOBAL__sub_I_Lab8HMain.cpp)
                  00001d92    00000002     --HOLE-- [fill = 0]
                  00001d94    0000000c     Clock.o (.text._Z10Clock_Freqv)
                  00001da0    0000000c     ST7735.o (.text._Z13ST7735_renamePKcS0_)
                  00001dac    0000000c     FIFO2.o (.text._ZN5Queue3GetEPc)
                  00001db8    0000000c     libclang_rt.builtins.a : aeabi_memset.S.obj (.text.__aeabi_memclr)
                  00001dc4    0000000c     libc.a : memory.c.obj (.text.malloc)
                  00001dd0    0000000a     ST7735.o (.text._Z12ST7735_closei)
                  00001dda    0000000a     ST7735.o (.text._Z13ST7735_unlinkPKc)
                  00001de4    0000000a     Lab8HMain.o (.text._Z8PLL_Initv)
                  00001dee    0000000a     FIFO2.o (.text._ZN5QueueC2Ev)
                  00001df8    00000008     UART2.o (.text._GLOBAL__sub_I_UART2.cpp)
                  00001e00    00000008     FIFO2.o (.text._ZN5Queue5PrintEv)
                  00001e08    00000008     libclang_rt.builtins.a : aeabi_memcpy.S.obj (.text.__aeabi_memcpy)
                  00001e10    00000008     libsysbm.a : remove.c.obj (.text.remove)
                  00001e18    00000006     libc.a : exit.c.obj (.text:abort)
                  00001e1e    00000004     libsysbm.a : hostexit.c.obj (.text.HOSTexit)
                  00001e22    00000004     startup_mspm0g3507_ticlang.o (.text.Reset_Handler)
                  00001e26    00000004     libc.a : pre_init.c.obj (.text._system_pre_init)
                  00001e2a    00000006     --HOLE-- [fill = 0]

.cinit     0    000023e8    00000098     
                  000023e8    0000006f     (.cinit..data.load) [load image, compression = lzss]
                  00002457    00000001     --HOLE-- [fill = 0]
                  00002458    0000000c     (__TI_handler_table)
                  00002464    00000008     (.cinit..bss.load) [load image, compression = zero_init]
                  0000246c    00000010     (__TI_cinit_table)
                  0000247c    00000004     --HOLE-- [fill = 0]

.rodata    0    00001e30    000005b0     
                  00001e30    000004fb     ST7735.o (.rodata._ZL4Font)
                  0000232b    0000003b     ST7735.o (.rodata._ZL5Rcmd1)
                  00002366    0000002b     ST7735.o (.rodata._ZL5Rcmd3)
                  00002391    00000016     ST7735.o (.rodata.str1.14736978382213673245.1)
                  000023a7    0000000d     ST7735.o (.rodata._ZL10Rcmd2green)
                  000023b4    0000000d     ST7735.o (.rodata._ZL8Rcmd2red)
                  000023c1    00000008     ST7735.o (.rodata.str1.7209918599617305731.1)
                  000023c9    00000007     ST7735.o (.rodata.str1.10208736415454880443.1)
                  000023d0    00000007     ST7735.o (.rodata.str1.8723687351022562626.1)
                  000023d7    00000002     ST7735.o (.rodata.str1.18358205720993799461.1)
                  000023d9    00000007     --HOLE-- [fill = 0]

.init_array 
*          0    000023e0    00000008     
                  000023e0    00000004     UART2.o (.init_array)
                  000023e4    00000004     Lab8HMain.o (.init_array)

.data      0    20200000    0000024d     UNINITIALIZED
                  20200000    000000f0     libc.a : defs.c.obj (.data._ftable)
                  202000f0    00000078     libsysbm.a : host_device.c.obj (.data._device)
                  20200168    00000050                : host_device.c.obj (.data._stream)
                  202001b8    00000028     UART2.o (.data.FIFO2)
                  202001e0    00000028     Lab8HMain.o (.data.FIFO)
                  20200208    00000014     Lab8HMain.o (.data.Sensor)
                  2020021c    00000008     libc.a : exit.c.obj (.data..L_MergedGlobals)
                  20200224    00000004     Clock.o (.data.BusFreq)
                  20200228    00000004     ST7735.o (.data.StX)
                  2020022c    00000004     ST7735.o (.data.StY)
                  20200230    00000004     libc.a : defs.c.obj (.data.__TI_ft_end)
                  20200234    00000004            : _lock.c.obj (.data._lock)
                  20200238    00000004            : _lock.c.obj (.data._unlock)
                  2020023c    00000002     ST7735.o (.data.StTextColor)
                  2020023e    00000002     ST7735.o (.data._ZL6_width)
                  20200240    00000002     ST7735.o (.data._ZL7_height)
                  20200242    00000002     --HOLE--
                  20200244    00000001     libsysbm.a : add_device.c.obj (.data.add_device.device_init)
                  20200245    00000003     --HOLE--
                  20200248    00000001     libc.a : memory.c.obj (.data.memory_is_initialized)
                  20200249    00000003     --HOLE--
                  2020024c    00000001     libsysbm.a : open.c.obj (.data.open.stream_init)

.sysmem    0    20200250    00000200     UNINITIALIZED
                  20200250    00000010     libc.a : memory.c.obj (.sysmem)
                  20200260    000001f0     --HOLE--

.bss       0    20200450    000001d7     UNINITIALIZED
                  20200450    00000120     libsysbm.a : trgmsg.c.obj (.bss:_CIOBUF_)
                  20200570    000000a0     libc.a : defs.c.obj (.bss.__TI_tmpnams)
                  20200610    00000008     libsysbm.a : hostopen.c.obj (.bss.parmbuf)
                  20200618    00000004     Lab8HMain.o (.bss.count)
                  2020061c    00000004     Lab8HMain.o (.bss.err)
                  20200620    00000004     libc.a : memory.c.obj (.bss.sys_free)
                  20200624    00000001     ST7735.o (.bss._ZL8ColStart)
                  20200625    00000001     ST7735.o (.bss._ZL8RowStart)
                  20200626    00000001     ST7735.o (.bss._ZL8TabColor)

.stack     0    20207e00    00000200     UNINITIALIZED
                  20207e00    00000004     libc.a : boot_cortex_m.c.obj (.stack)
                  20207e04    000001fc     --HOLE--

__llvm_prf_cnts 
*          0    20200000    00000000     UNINITIALIZED

__llvm_prf_bits 
*          0    20200000    00000000     UNINITIALIZED

MODULE SUMMARY

       Module                         code   ro data   rw data
       ------                         ----   -------   -------
    .\
       ST7735.o                       2070   1449      17     
       Clock.o                        516    0         4      
       SPI.o                          440    0         0      
       Lab8HMain.o                    342    4         68     
       LaunchPad.o                    180    0         0      
       UART2.o                        68     4         40     
       FIFO2.o                        44     0         0      
       SlidePot.o                     14     0         0      
    +--+------------------------------+------+---------+---------+
       Total:                         3674   1457      129    
                                                              
    .\ticlang\
       startup_mspm0g3507_ticlang.o   60     192       0      
    +--+------------------------------+------+---------+---------+
       Total:                         60     192       0      
                                                              
    C:\ti\ccs2011\ccs\tools\compiler\ti-cgt-armllvm_4.0.2.LTS\lib\armv6m-ti-none-eabi/c/libc.a
       memory.c.obj                   702    0         5      
       fopen.c.obj                    556    0         0      
       defs.c.obj                     0      0         404    
       setvbuf.c.obj                  224    0         0      
       getdevice.c.obj                160    0         0      
       strcmp-armv6m.S.obj            136    0         0      
       copy_decompress_lzss.c.obj     124    0         0      
       fclose.c.obj                   124    0         0      
       autoinit.c.obj                 84     0         0      
       fflush.c.obj                   82     0         0      
       exit.c.obj                     58     0         8      
       boot_cortex_m.c.obj            40     0         0      
       copy_zero_init.c.obj           22     0         0      
       copy_decompress_none.c.obj     18     0         0      
       memcpy16.S.obj                 18     0         0      
       memset16.S.obj                 14     0         0      
       _lock.c.obj                    2      0         8      
       pre_init.c.obj                 4      0         0      
    +--+------------------------------+------+---------+---------+
       Total:                         2368   0         425    
                                                              
    C:\ti\ccs2011\ccs\tools\compiler\ti-cgt-armllvm_4.0.2.LTS\lib\armv6m-ti-none-eabi/c/libsysbm.a
       trgmsg.c.obj                   104    0         288    
       add_device.c.obj               236    0         1      
       host_device.c.obj              0      0         200    
       open.c.obj                     160    0         1      
       hostrename.c.obj               136    0         0      
       hostlseek.c.obj                108    0         0      
       hostopen.c.obj                 96     0         8      
       hostread.c.obj                 88     0         0      
       hostwrite.c.obj                88     0         0      
       close.c.obj                    80     0         0      
       hostclose.c.obj                72     0         0      
       hostunlink.c.obj               72     0         0      
       unlink.c.obj                   44     0         0      
       write.c.obj                    40     0         0      
       remove.c.obj                   8      0         0      
       hostexit.c.obj                 4      0         0      
    +--+------------------------------+------+---------+---------+
       Total:                         1336   0         498    
                                                              
    C:\ti\ccs2011\ccs\tools\compiler\ti-cgt-armllvm_4.0.2.LTS\lib\armv6m-ti-none-eabi/libclang_rt.builtins.a
       aeabi_uidivmod.S.obj           64     0         0      
       aeabi_memset.S.obj             12     0         0      
       aeabi_memcpy.S.obj             8      0         0      
       aeabi_div0.c.obj               2      0         0      
    +--+------------------------------+------+---------+---------+
       Total:                         86     0         0      
                                                              
       Heap:                          0      0         512    
       Stack:                         0      0         512    
       Linker Generated:              0      147       0      
    +--+------------------------------+------+---------+---------+
       Grand Total:                   7524   1796      2076   


LINKER GENERATED COPY TABLES

__TI_cinit_table @ 0000246c records: 2, size/record: 8, table size: 16
	.data: load addr=000023e8, load size=0000006f bytes, run addr=20200000, run size=0000024d bytes, compression=lzss
	.bss: load addr=00002464, load size=00000008 bytes, run addr=20200450, run size=000001d7 bytes, compression=zero_init


LINKER GENERATED HANDLER TABLE

__TI_handler_table @ 00002458 records: 3, size/record: 4, table size: 12
	index: 0, handler: __TI_decompress_lzss
	index: 1, handler: __TI_decompress_none
	index: 2, handler: __TI_zero_init


GLOBAL SYMBOLS: SORTED ALPHABETICALLY BY Name 

address   name                        
-------   ----                        
00001c21  ADC0_IRQHandler             
00001c21  ADC1_IRQHandler             
00001c21  AES_IRQHandler              
20200224  BusFreq                     
00001e1e  C$$EXIT                     
000019d9  C$$IO$$                     
00001c21  CANFD0_IRQHandler           
00001c21  DAC0_IRQHandler             
00001c21  DMA_IRQHandler              
00001c21  Default_Handler             
202001e0  FIFO                        
202001b8  FIFO2                       
00001c21  GROUP0_IRQHandler           
00001c21  GROUP1_IRQHandler           
000016a1  HOSTclose                   
00001e1f  HOSTexit                    
000012f1  HOSTlseek                   
00001499  HOSTopen                    
000014f9  HOSTread                    
0000135d  HOSTrename                  
000016e9  HOSTunlink                  
00001551  HOSTwrite                   
00001c3d  HardFault_Handler           
00001c21  I2C0_IRQHandler             
00001c21  I2C1_IRQHandler             
00001c21  NMI_Handler                 
00001c21  PendSV_Handler              
00001c21  RTC_IRQHandler              
00001e23  Reset_Handler               
000023e0  SHT$$INIT_ARRAY$$Base       
000023e8  SHT$$INIT_ARRAY$$Limit      
00001c21  SPI0_IRQHandler             
00001c21  SPI1_IRQHandler             
00001c21  SVC_Handler                 
20200208  Sensor                      
2020023c  StTextColor                 
20200228  StX                         
2020022c  StY                         
00001c21  SysTick_Handler             
00001c21  TIMA0_IRQHandler            
00001c21  TIMA1_IRQHandler            
00001c21  TIMG0_IRQHandler            
00001b61  TIMG12_IRQHandler           
00001c21  TIMG6_IRQHandler            
00001c21  TIMG7_IRQHandler            
00001c21  TIMG8_IRQHandler            
00001ccf  TI_memcpy_small             
00001d79  TI_memset_small             
00001c21  UART0_IRQHandler            
00001c21  UART1_IRQHandler            
00001add  UART2_IRQHandler            
00001c21  UART3_IRQHandler            
20200450  _CIOBUF_                    
00001d95  _Z10Clock_Freqv             
00001cf3  _Z11Clock_Delayj            
00001839  _Z11SPI_OutDatac            
00001c8d  _Z11ST7735_openPKcji        
00001ca3  _Z11ST7735_readiPcj         
00000ee1  _Z12ST7735_InitR10initRFlags
00001dd1  _Z12ST7735_closei           
00001d33  _Z12ST7735_lseekili         
000018a9  _Z12ST7735_writeiPKcj       
00001da1  _Z13ST7735_renamePKcS0_     
00001ddb  _Z13ST7735_unlinkPKc        
000018dd  _Z14Clock_Delay1msj         
0000110d  _Z14LaunchPad_Initv         
00001731  _Z14SPI_OutCommandc         
00000c31  _Z14ST7735_OutCharc         
00001871  _Z15ActivatePortA_Bv        
000000c1  _Z15Clock_Init80MHzi        
00000569  _Z15ST7735_FillRectsssst    
00000275  _Z16ST7735_DrawCharSsscssh  
00001281  _Z16ST7735_DrawPixelsst     
00001911  _Z16ST7735_SetCursorjj      
00001089  _Z17ST7735_DrawStringttPcs  
00001b09  _Z17ST7735_FillScreent      
00000e45  _Z17ST7735_InitPrintfv      
00001de5  _Z8PLL_Initv                
00000795  _Z8SPI_Initv                
00001779  _Z9SPI_Resetv               
00001dad  _ZN5Queue3GetEPc            
00001d41  _ZN5Queue3PutEc             
00001e01  _ZN5Queue5PrintEv           
00001def  _ZN5QueueC1Ev               
00001def  _ZN5QueueC2Ev               
00001d4f  _ZN8SlidePotC1Ejj           
00001d4f  _ZN8SlidePotC2Ejj           
20200450  __CIOBUF_                   
20208000  __STACK_END                 
00000200  __STACK_SIZE                
00000200  __SYSMEM_SIZE               
00000000  __TI_ATRegion0_region_sz    
00000000  __TI_ATRegion0_src_addr     
00000000  __TI_ATRegion0_trg_addr     
00000000  __TI_ATRegion1_region_sz    
00000000  __TI_ATRegion1_src_addr     
00000000  __TI_ATRegion1_trg_addr     
00000000  __TI_ATRegion2_region_sz    
00000000  __TI_ATRegion2_src_addr     
00000000  __TI_ATRegion2_trg_addr     
0000246c  __TI_CINIT_Base             
0000247c  __TI_CINIT_Limit            
0000247c  __TI_CINIT_Warm             
00002458  __TI_Handler_Table_Base     
00002464  __TI_Handler_Table_Limit    
000015a9  __TI_auto_init_nobinit      
00001945  __TI_cleanup                
2020021c  __TI_cleanup_ptr            
00001189  __TI_closefile              
00001205  __TI_decompress_lzss        
00001ce1  __TI_decompress_none        
000015fd  __TI_doflush                
20200220  __TI_dtors_ptr              
20200230  __TI_ft_end                 
ffffffff  __TI_pprof_out_hndl         
ffffffff  __TI_prof_data_size         
ffffffff  __TI_prof_data_start        
00001979  __TI_readmsg                
00000000  __TI_static_base__          
20200570  __TI_tmpnams                
000019ad  __TI_writemsg               
00001cb9  __TI_zero_init_nomemset     
00000da3  __aeabi_idiv0               
00001db9  __aeabi_memclr              
00001db9  __aeabi_memclr4             
00001db9  __aeabi_memclr8             
00001e09  __aeabi_memcpy              
00001e09  __aeabi_memcpy4             
00001e09  __aeabi_memcpy8             
000017b9  __aeabi_uidiv               
000017b9  __aeabi_uidivmod            
ffffffff  __binit__                   
UNDEFED   __mpu_init                  
20207e00  __stack                     
20200000  __start___llvm_prf_bits     
20200000  __start___llvm_prf_cnts     
20200000  __stop___llvm_prf_bits      
20200000  __stop___llvm_prf_cnts      
00001bd9  _c_int00_noargs             
202000f0  _device                     
20200000  _ftable                     
20200234  _lock                       
0000164f  _nop                        
20200168  _stream                     
20200250  _sys_memory                 
UNDEFED   _system_post_cinit          
00001e27  _system_pre_init            
20200238  _unlock                     
00001e19  abort                       
0000097d  add_device                  
00000681  aligned_alloc               
ffffffff  binit                       
00001651  close                       
20200618  count                       
2020061c  err                         
000019e1  exit                        
00001a15  finddevice                  
00001aad  fopen                       
00000a69  free                        
00001a49  freopen                     
000013c9  getdevice                   
00000000  interruptVectors            
0000088d  main                        
00001dc5  malloc                      
00000681  memalign                    
00000da5  open                        
20200610  parmbuf                     
00001e11  remove                      
00000b51  setvbuf                     
00001001  strcmp                      
00001b35  unlink                      
00001bb1  write                       


GLOBAL SYMBOLS: SORTED BY Symbol Address 

address   name                        
-------   ----                        
00000000  __TI_ATRegion0_region_sz    
00000000  __TI_ATRegion0_src_addr     
00000000  __TI_ATRegion0_trg_addr     
00000000  __TI_ATRegion1_region_sz    
00000000  __TI_ATRegion1_src_addr     
00000000  __TI_ATRegion1_trg_addr     
00000000  __TI_ATRegion2_region_sz    
00000000  __TI_ATRegion2_src_addr     
00000000  __TI_ATRegion2_trg_addr     
00000000  __TI_static_base__          
00000000  interruptVectors            
000000c1  _Z15Clock_Init80MHzi        
00000200  __STACK_SIZE                
00000200  __SYSMEM_SIZE               
00000275  _Z16ST7735_DrawCharSsscssh  
00000569  _Z15ST7735_FillRectsssst    
00000681  aligned_alloc               
00000681  memalign                    
00000795  _Z8SPI_Initv                
0000088d  main                        
0000097d  add_device                  
00000a69  free                        
00000b51  setvbuf                     
00000c31  _Z14ST7735_OutCharc         
00000da3  __aeabi_idiv0               
00000da5  open                        
00000e45  _Z17ST7735_InitPrintfv      
00000ee1  _Z12ST7735_InitR10initRFlags
00001001  strcmp                      
00001089  _Z17ST7735_DrawStringttPcs  
0000110d  _Z14LaunchPad_Initv         
00001189  __TI_closefile              
00001205  __TI_decompress_lzss        
00001281  _Z16ST7735_DrawPixelsst     
000012f1  HOSTlseek                   
0000135d  HOSTrename                  
000013c9  getdevice                   
00001499  HOSTopen                    
000014f9  HOSTread                    
00001551  HOSTwrite                   
000015a9  __TI_auto_init_nobinit      
000015fd  __TI_doflush                
0000164f  _nop                        
00001651  close                       
000016a1  HOSTclose                   
000016e9  HOSTunlink                  
00001731  _Z14SPI_OutCommandc         
00001779  _Z9SPI_Resetv               
000017b9  __aeabi_uidiv               
000017b9  __aeabi_uidivmod            
00001839  _Z11SPI_OutDatac            
00001871  _Z15ActivatePortA_Bv        
000018a9  _Z12ST7735_writeiPKcj       
000018dd  _Z14Clock_Delay1msj         
00001911  _Z16ST7735_SetCursorjj      
00001945  __TI_cleanup                
00001979  __TI_readmsg                
000019ad  __TI_writemsg               
000019d9  C$$IO$$                     
000019e1  exit                        
00001a15  finddevice                  
00001a49  freopen                     
00001aad  fopen                       
00001add  UART2_IRQHandler            
00001b09  _Z17ST7735_FillScreent      
00001b35  unlink                      
00001b61  TIMG12_IRQHandler           
00001bb1  write                       
00001bd9  _c_int00_noargs             
00001c21  ADC0_IRQHandler             
00001c21  ADC1_IRQHandler             
00001c21  AES_IRQHandler              
00001c21  CANFD0_IRQHandler           
00001c21  DAC0_IRQHandler             
00001c21  DMA_IRQHandler              
00001c21  Default_Handler             
00001c21  GROUP0_IRQHandler           
00001c21  GROUP1_IRQHandler           
00001c21  I2C0_IRQHandler             
00001c21  I2C1_IRQHandler             
00001c21  NMI_Handler                 
00001c21  PendSV_Handler              
00001c21  RTC_IRQHandler              
00001c21  SPI0_IRQHandler             
00001c21  SPI1_IRQHandler             
00001c21  SVC_Handler                 
00001c21  SysTick_Handler             
00001c21  TIMA0_IRQHandler            
00001c21  TIMA1_IRQHandler            
00001c21  TIMG0_IRQHandler            
00001c21  TIMG6_IRQHandler            
00001c21  TIMG7_IRQHandler            
00001c21  TIMG8_IRQHandler            
00001c21  UART0_IRQHandler            
00001c21  UART1_IRQHandler            
00001c21  UART3_IRQHandler            
00001c3d  HardFault_Handler           
00001c8d  _Z11ST7735_openPKcji        
00001ca3  _Z11ST7735_readiPcj         
00001cb9  __TI_zero_init_nomemset     
00001ccf  TI_memcpy_small             
00001ce1  __TI_decompress_none        
00001cf3  _Z11Clock_Delayj            
00001d33  _Z12ST7735_lseekili         
00001d41  _ZN5Queue3PutEc             
00001d4f  _ZN8SlidePotC1Ejj           
00001d4f  _ZN8SlidePotC2Ejj           
00001d79  TI_memset_small             
00001d95  _Z10Clock_Freqv             
00001da1  _Z13ST7735_renamePKcS0_     
00001dad  _ZN5Queue3GetEPc            
00001db9  __aeabi_memclr              
00001db9  __aeabi_memclr4             
00001db9  __aeabi_memclr8             
00001dc5  malloc                      
00001dd1  _Z12ST7735_closei           
00001ddb  _Z13ST7735_unlinkPKc        
00001de5  _Z8PLL_Initv                
00001def  _ZN5QueueC1Ev               
00001def  _ZN5QueueC2Ev               
00001e01  _ZN5Queue5PrintEv           
00001e09  __aeabi_memcpy              
00001e09  __aeabi_memcpy4             
00001e09  __aeabi_memcpy8             
00001e11  remove                      
00001e19  abort                       
00001e1e  C$$EXIT                     
00001e1f  HOSTexit                    
00001e23  Reset_Handler               
00001e27  _system_pre_init            
000023e0  SHT$$INIT_ARRAY$$Base       
000023e8  SHT$$INIT_ARRAY$$Limit      
00002458  __TI_Handler_Table_Base     
00002464  __TI_Handler_Table_Limit    
0000246c  __TI_CINIT_Base             
0000247c  __TI_CINIT_Limit            
0000247c  __TI_CINIT_Warm             
20200000  __start___llvm_prf_bits     
20200000  __start___llvm_prf_cnts     
20200000  __stop___llvm_prf_bits      
20200000  __stop___llvm_prf_cnts      
20200000  _ftable                     
202000f0  _device                     
20200168  _stream                     
202001b8  FIFO2                       
202001e0  FIFO                        
20200208  Sensor                      
2020021c  __TI_cleanup_ptr            
20200220  __TI_dtors_ptr              
20200224  BusFreq                     
20200228  StX                         
2020022c  StY                         
20200230  __TI_ft_end                 
20200234  _lock                       
20200238  _unlock                     
2020023c  StTextColor                 
20200250  _sys_memory                 
20200450  _CIOBUF_                    
20200450  __CIOBUF_                   
20200570  __TI_tmpnams                
20200610  parmbuf                     
20200618  count                       
2020061c  err                         
20207e00  __stack                     
20208000  __STACK_END                 
ffffffff  __TI_pprof_out_hndl         
ffffffff  __TI_prof_data_size         
ffffffff  __TI_prof_data_start        
ffffffff  __binit__                   
ffffffff  binit                       
UNDEFED   __mpu_init                  
UNDEFED   _system_post_cinit          

[172 symbols]
